C:\Users\Aluno\Documents>mkdir Projetos

C:\Users\Aluno\Documents>cd Projetos

C:\Users\Aluno\Documents\Projetos>mkdir projetox

C:\Users\Aluno\Documents\Projetos>cd projetox

C:\Users\Aluno\Documents\Projetos\projetox>git init
Initialized empty Git repository in C:/Users/Aluno/Documents/Projetos/projetox/.git/

C:\Users\Aluno\Documents\Projetos\projetox>dir
 O volume na unidade C é Windows
 O Número de Série do Volume é CA0A-5499

 Pasta de C:\Users\Aluno\Documents\Projetos\projetox

12/08/2025  15:12    <DIR>          .
12/08/2025  14:47    <DIR>          ..
12/08/2025  15:11                 0 documento.txt
               1 arquivo(s)              0 bytes
               2 pasta(s)   94.073.946.112 bytes disponíveis

C:\Users\Aluno\Documents\Projetos\projetox>git status
On branch main

No commits yet

Untracked files:
  (use "git add <file>..." to include in what will be committed)
        documento.txt

nothing added to commit but untracked files present (use "git add" to track)

C:\Users\Aluno\Documents\Projetos\projetox>git --versi
unknown option: --versi
usage: git [-v | --version] [-h | --help] [-C <path>] [-c <name>=<value>]
           [--exec-path[=<path>]] [--html-path] [--man-path] [--info-path]
           [-p | --paginate | -P | --no-pager] [--no-replace-objects] [--no-lazy-fetch]
           [--no-optional-locks] [--no-advice] [--bare] [--git-dir=<path>]
           [--work-tree=<path>] [--namespace=<name>] [--config-env=<name>=<envvar>]
           <command> [<args>]

C:\Users\Aluno\Documents\Projetos\projetox>git add documento
fatal: pathspec 'documento' did not match any files

C:\Users\Aluno\Documents\Projetos\projetox>git add documento.txt

C:\Users\Aluno\Documents\Projetos\projetox>git status
On branch main

No commits yet

Changes to be committed:
  (use "git rm --cached <file>..." to unstage)
        new file:   documento.txt


C:\Users\Aluno\Documents\Projetos\projetox>git status
On branch main

No commits yet

Changes to be committed:
  (use "git rm --cached <file>..." to unstage)
        new file:   documento.txt

Changes not staged for commit:
  (use "git add <file>..." to update what will be committed)
  (use "git restore <file>..." to discard changes in working directory)
        modified:   documento.txt


C:\Users\Aluno\Documents\Projetos\projetox>git add documento.txt

C:\Users\Aluno\Documents\Projetos\projetox>git status
On branch main

No commits yet

Changes to be committed:
  (use "git rm --cached <file>..." to unstage)
        new file:   documento.txt


C:\Users\Aluno\Documents\Projetos\projetox> git rm --cached documento.txt
rm 'documento.txt'

C:\Users\Aluno\Documents\Projetos\projetox> mkdir frontend

C:\Users\Aluno\Documents\Projetos\projetox>mkdir backend

C:\Users\Aluno\Documents\Projetos\projetox>mkdir mobile

C:\Users\Aluno\Documents\Projetos\projetox>git status
On branch main

No commits yet

Untracked files:
  (use "git add <file>..." to include in what will be committed)
        documento.txt
        frontend/

nothing added to commit but untracked files present (use "git add" to track)

C:\Users\Aluno\Documents\Projetos\projetox>git add .

C:\Users\Aluno\Documents\Projetos\projetox>git status
On branch main

No commits yet

Changes to be committed:
  (use "git rm --cached <file>..." to unstage)
        new file:   documento.txt
        new file:   frontend/docfrontend - Copia (2).txt
        new file:   frontend/docfrontend - Copia (3).txt
        new file:   frontend/docfrontend - Copia (4).txt
        new file:   frontend/docfrontend - Copia (5).txt
        new file:   frontend/docfrontend - Copia (6).txt
        new file:   frontend/docfrontend - Copia (7).txt
        new file:   frontend/docfrontend - Copia (8).txt
        new file:   frontend/docfrontend - Copia.txt
        new file:   frontend/docfrontend.txt


C:\Users\Aluno\Documents\Projetos\projetox>git commit -m "primeiro commmit"
Author identity unknown

*** Please tell me who you are.

Run

  git config --global user.email "you@example.com"
  git config --global user.name "Your Name"

to set your account's default identity.
Omit --global to set the identity only in this repository.

fatal: unable to auto-detect email address (got 'Aluno@DSN1221273866.(none)')

C:\Users\Aluno\Documents\Projetos\projetox>git config --global user email "liviasouzaozorio@gmail.com"
error: key does not contain a section: user

C:\Users\Aluno\Documents\Projetos\projetox>git config --global user name "liviasouzaozorio@gmail.com"
error: key does not contain a section: user

C:\Users\Aluno\Documents\Projetos\projetox>git config --global user.name "liviasouzaozorio"

C:\Users\Aluno\Documents\Projetos\projetox>git config --global.user email "liviasouzaozorio@gmail.com"
error: unknown option `global.user'
usage: git config list [<file-option>] [<display-option>] [--includes]
   or: git config get [<file-option>] [<display-option>] [--includes] [--all] [--regexp] [--value=<value>] [--fixed-value] [--default=<default>] <name>
   or: git config set [<file-option>] [--type=<type>] [--all] [--value=<value>] [--fixed-value] <name> <value>
   or: git config unset [<file-option>] [--all] [--value=<value>] [--fixed-value] <name>
   or: git config rename-section [<file-option>] <old-name> <new-name>
   or: git config remove-section [<file-option>] <name>
   or: git config edit [<file-option>]
   or: git config [<file-option>] --get-colorbool <name> [<stdout-is-tty>]

Config file location
    --[no-]global         use global config file
    --[no-]system         use system config file
    --[no-]local          use repository config file
    --[no-]worktree       use per-worktree config file
    -f, --[no-]file <file>
                          use given config file
    --[no-]blob <blob-id> read config from given blob object

Action
    --get                 get value: name [<value-pattern>]
    --get-all             get all values: key [<value-pattern>]
    --get-regexp          get values for regexp: name-regex [<value-pattern>]
    --get-urlmatch        get value specific for the URL: section[.var] URL
    --replace-all         replace all matching variables: name value [<value-pattern>]
    --add                 add a new variable: name value
    --unset               remove a variable: name [<value-pattern>]
    --unset-all           remove all matches: name [<value-pattern>]
    --rename-section      rename section: old-name new-name
    --remove-section      remove a section: name
    -l, --list            list all
    -e, --edit            open an editor
    --get-color           find the color configured: slot [<default>]
    --get-colorbool       find the color setting: slot [<stdout-is-tty>]

Display options
    -z, --[no-]null       terminate values with NUL byte
    --[no-]name-only      show variable names only
    --[no-]show-origin    show origin of config (file, standard input, blob, command line)
    --[no-]show-scope     show scope of config (worktree, local, global, system, command)
    --[no-]show-names     show config keys in addition to their values

Type
    -t, --[no-]type <type>
                          value is given this type
    --bool                value is "true" or "false"
    --int                 value is decimal number
    --bool-or-int         value is --bool or --int
    --bool-or-str         value is --bool or string
    --path                value is a path (file or directory name)
    --expiry-date         value is an expiry date

Other
    --[no-]default <value>
                          with --get, use default value when missing entry
    --[no-]comment <value>
                          human-readable comment string (# will be prepended as needed)
    --[no-]fixed-value    use string equality when comparing values to value pattern
    --[no-]includes       respect include directives on lookup


C:\Users\Aluno\Documents\Projetos\projetox>git config --global user.email "liviasouzaozorio@gmail.com"

C:\Users\Aluno\Documents\Projetos\projetox>git config --global --list
user.name=liviasouzaozorio
user.email=liviasouzaozorio@gmail.com

C:\Users\Aluno\Documents\Projetos\projetox>git commit -m "Primeiro commit"
[main (root-commit) 56e9d25] Primeiro commit
 10 files changed, 1 insertion(+)
 create mode 100644 documento.txt
 create mode 100644 frontend/docfrontend - Copia (2).txt
 create mode 100644 frontend/docfrontend - Copia (3).txt
 create mode 100644 frontend/docfrontend - Copia (4).txt
 create mode 100644 frontend/docfrontend - Copia (5).txt
 create mode 100644 frontend/docfrontend - Copia (6).txt
 create mode 100644 frontend/docfrontend - Copia (7).txt
 create mode 100644 frontend/docfrontend - Copia (8).txt
 create mode 100644 frontend/docfrontend - Copia.txt
 create mode 100644 frontend/docfrontend.txt

C:\Users\Aluno\Documents\Projetos\projetox> git log
commit 56e9d25d321a6387bb3dfd94f181c4267eccf495 (HEAD -> main)
Author: liviasouzaozorio <liviasouzaozorio@gmail.com>
Date:   Tue Aug 12 15:36:06 2025 -0300

    Primeiro commit

C:\Users\Aluno\Documents\Projetos\projetox>cd ..

C:\Users\Aluno\Documents\Projetos>cd projetox

C:\Users\Aluno\Documents\Projetos\projetox>git add .

C:\Users\Aluno\Documents\Projetos\projetox>git status
On branch main
Changes to be committed:
  (use "git restore --staged <file>..." to unstage)
        new file:   backend/text - Copia (2).txt
        new file:   backend/text - Copia (3).txt
        new file:   backend/text - Copia (4).txt
        new file:   backend/text - Copia.txt
        new file:   backend/text.txt


C:\Users\Aluno\Documents\Projetos\projetox>git log --online
fatal: unrecognized argument: --online

C:\Users\Aluno\Documents\Projetos\projetox>git log --oneline
56e9d25 (HEAD -> main) Primeiro commit

C:\Users\Aluno\Documents\Projetos\projetox>git branch -M main

C:\Users\Aluno\Documents\Projetos\projetox>remote add origin https://github.com/liviasouzaozorio/aula_git.git
'remote' não é reconhecido como um comando interno
ou externo, um programa operável ou um arquivo em lotes.

C:\Users\Aluno\Documents\Projetos\projetox>git remote add origin https://github.com/liviasouzaozorio/aula_git.git

C:\Users\Aluno\Documents\Projetos\projetox>git push -u origin main
info: please complete authentication in your browser...
Enumerating objects: 5, done.
Counting objects: 100% (5/5), done.
Delta compression using up to 12 threads
Compressing objects: 100% (3/3), done.
Writing objects: 100% (5/5), 363 bytes | 363.00 KiB/s, done.
Total 5 (delta 0), reused 0 (delta 0), pack-reused 0 (from 0)
To https://github.com/liviasouzaozorio/aula_git.git
 * [new branch]      main -> main
branch 'main' set up to track 'origin/main'.

C:\Users\Aluno\Documents\Projetos\projetox>
